// Jest Snapshot v1, https://goo.gl/fbAQLP

exports[`<App/> 1`] = `
<div
  className="index-page"
>
  <div
    className="index-page__main"
  >
    <img
      alt="Draw Gaiden"
      src={Object {}}
    />
    <p>
      Create or rejoin a canvas to start drawing, and share the link with friends to collaborate.
    </p>
    <div>
      <button
        className="btn btn--primary"
        disabled={false}
        onClick={[Function]}
      >
        <span>
          Create Canvas
        </span>
      </button>
      <button
        className="btn btn--disabled"
        disabled={true}
        onClick={[Function]}
      >
        Rejoin Canvas
      </button>
    </div>
    <p>
      Having issues? Check our 
      <a
        href="https://github.com/drawgaiden/drawgaiden/issues"
        target="_blank"
      >
        bug tracker
      </a>
      .
    </p>
  </div>
</div>
`;
