// Jest Snapshot v1, https://goo.gl/fbAQLP

exports[`<App/> 1`] = `
<div
  className="login-page"
>
  <form
    className="login-form"
    onSubmit={[Function]}
  >
    <img
      alt="Draw Gaiden"
      src={Object {}}
    />
    <fieldset>
      <span
        className="error"
      >
        Unknown error.
      </span>
      <input
        placeholder="Enter user name"
        type="text"
      />
      <button
        onClick={[Function]}
      >
        <span>
          Login
        </span>
      </button>
      <p>
        Having issues? Check our 
        <a
          href="https://github.com/drawgaiden/drawgaiden/issues"
          target="_blank"
        >
          bug tracker
        </a>
        .
      </p>
    </fieldset>
  </form>
</div>
`;
